\BOOKMARK [1][-]{section.1}{\376\377\000I\000n\000t\000r\000o\000d\000u\000c\000t\000i\000o\000n}{}% 1
\BOOKMARK [2][-]{subsection.1.1}{\376\377\000T\000h\000e\000\040\000S\000i\000m\000u\000l\000a\000t\000i\000o\000n\000\040\000G\000a\000p\000\040\000i\000n\000\040\000S\000i\000l\000i\000c\000o\000n\000\040\000S\000p\000i\000n\000\040\000Q\000u\000b\000i\000t\000\040\000C\000o\000n\000t\000r\000o\000l}{section.1}% 2
\BOOKMARK [2][-]{subsection.1.2}{\376\377\000T\000h\000e\000\040\000P\000h\000y\000s\000i\000c\000s\000-\000G\000r\000o\000u\000n\000d\000e\000d\000\040\000R\000L\000\040\000S\000i\000m\000u\000l\000a\000t\000i\000o\000n\000\040\000M\000e\000t\000h\000o\000d\000o\000l\000o\000g\000y}{section.1}% 3
\BOOKMARK [2][-]{subsection.1.3}{\376\377\000L\000i\000m\000i\000t\000a\000t\000i\000o\000n\000s\000\040\000o\000f\000\040\000E\000x\000i\000s\000t\000i\000n\000g\000\040\000F\000r\000a\000m\000e\000w\000o\000r\000k\000s}{section.1}% 4
\BOOKMARK [2][-]{subsection.1.4}{\376\377\000C\000o\000n\000t\000r\000i\000b\000u\000t\000i\000o\000n\000s}{section.1}% 5
\BOOKMARK [1][-]{section.2}{\376\377\000R\000e\000l\000a\000t\000e\000d\000\040\000W\000o\000r\000k}{}% 6
\BOOKMARK [2][-]{subsection.2.1}{\376\377\000R\000e\000i\000n\000f\000o\000r\000c\000e\000m\000e\000n\000t\000\040\000L\000e\000a\000r\000n\000i\000n\000g\000\040\000E\000n\000v\000i\000r\000o\000n\000m\000e\000n\000t\000s\000\040\000f\000o\000r\000\040\000Q\000u\000a\000n\000t\000u\000m\000\040\000C\000i\000r\000c\000u\000i\000t\000\040\000S\000y\000n\000t\000h\000e\000s\000i\000s}{section.2}% 7
\BOOKMARK [2][-]{subsection.2.2}{\376\377\000P\000u\000l\000s\000e\000-\000L\000e\000v\000e\000l\000\040\000Q\000u\000a\000n\000t\000u\000m\000\040\000C\000o\000n\000t\000r\000o\000l\000\040\000w\000i\000t\000h\000\040\000R\000e\000i\000n\000f\000o\000r\000c\000e\000m\000e\000n\000t\000\040\000L\000e\000a\000r\000n\000i\000n\000g}{section.2}% 8
\BOOKMARK [2][-]{subsection.2.3}{\376\377\000Q\000u\000a\000n\000t\000u\000m\000\040\000N\000o\000i\000s\000e\000\040\000S\000i\000m\000u\000l\000a\000t\000i\000o\000n\000\040\000F\000r\000a\000m\000e\000w\000o\000r\000k\000s}{section.2}% 9
\BOOKMARK [2][-]{subsection.2.4}{\376\377\000T\000h\000e\000\040\000C\000l\000o\000s\000e\000s\000t\000\040\000C\000o\000m\000p\000e\000t\000i\000t\000o\000r\000:\000\040\000O\000r\000b\000e\000l\000l\000\040\000\050\0002\0000\0002\0004\000\051\000\040\000a\000n\000d\000\040\000t\000h\000e\000\040\000O\000x\000f\000o\000r\000d\000\040\000S\000p\000i\000n\000\040\000Q\000u\000b\000i\000t\000\040\000D\000R\000L\000\040\000P\000r\000o\000g\000r\000a\000m\000m\000e}{section.2}% 10
\BOOKMARK [3][-]{subsubsection.2.4.1}{\376\377\000S\000u\000m\000m\000a\000r\000y\000\040\000o\000f\000\040\000O\000r\000b\000e\000l\000l\000\040\000\050\0002\0000\0002\0004\000\051}{subsection.2.4}% 11
\BOOKMARK [3][-]{subsubsection.2.4.2}{\376\377\000C\000o\000m\000p\000a\000r\000i\000s\000o\000n\000\040\000w\000i\000t\000h\000\040\000S\000i\000l\000i\000Q\000u\000n}{subsection.2.4}% 12
\BOOKMARK [2][-]{subsection.2.5}{\376\377\000F\000a\000u\000l\000t\000-\000T\000o\000l\000e\000r\000a\000n\000t\000\040\000L\000o\000g\000i\000c\000a\000l\000\040\000Q\000u\000b\000i\000t\000\040\000E\000n\000c\000o\000d\000i\000n\000g\000\040\000w\000i\000t\000h\000\040\000R\000L}{section.2}% 13
\BOOKMARK [2][-]{subsection.2.6}{\376\377\000S\000u\000m\000m\000a\000r\000y\000:\000\040\000S\000i\000l\000i\000Q\000u\000n\000'\000s\000\040\000U\000n\000i\000q\000u\000e\000\040\000C\000o\000n\000t\000r\000i\000b\000u\000t\000i\000o\000n}{section.2}% 14
\BOOKMARK [1][-]{section.3}{\376\377\000T\000h\000e\000\040\000S\000i\000l\000i\000Q\000u\000n\000\040\000F\000r\000a\000m\000e\000w\000o\000r\000k}{}% 15
\BOOKMARK [2][-]{subsection.3.1}{\376\377\000S\000y\000s\000t\000e\000m\000\040\000A\000r\000c\000h\000i\000t\000e\000c\000t\000u\000r\000e}{section.3}% 16
\BOOKMARK [2][-]{subsection.3.2}{\376\377\000L\000i\000n\000d\000b\000l\000a\000d\000\040\000P\000h\000y\000s\000i\000c\000s\000\040\000E\000n\000g\000i\000n\000e}{section.3}% 17
\BOOKMARK [2][-]{subsection.3.3}{\376\377\000G\000y\000m\000n\000a\000s\000i\000u\000m\000-\000C\000o\000m\000p\000a\000t\000i\000b\000l\000e\000\040\000E\000n\000v\000i\000r\000o\000n\000m\000e\000n\000t\000\040\000I\000n\000t\000e\000r\000f\000a\000c\000e}{section.3}% 18
\BOOKMARK [2][-]{subsection.3.4}{\376\377\000P\000G\000I\000R\000S\000\040\000M\000e\000t\000h\000o\000d\000o\000l\000o\000g\000y}{section.3}% 19
\BOOKMARK [2][-]{subsection.3.5}{\376\377\000A\000n\000a\000l\000y\000t\000i\000c\000a\000l\000\040\000V\000a\000l\000i\000d\000a\000t\000i\000o\000n}{section.3}% 20
\BOOKMARK [2][-]{subsection.3.6}{\376\377\000T\000h\000r\000e\000e\000-\000T\000i\000e\000r\000\040\000P\000a\000c\000k\000a\000g\000e\000\040\000A\000r\000c\000h\000i\000t\000e\000c\000t\000u\000r\000e}{section.3}% 21
\BOOKMARK [2][-]{subsection.3.7}{\376\377\000M\000u\000l\000t\000i\000-\000T\000e\000c\000h\000n\000o\000l\000o\000g\000y\000\040\000H\000a\000r\000d\000w\000a\000r\000e\000\040\000P\000r\000o\000f\000i\000l\000e\000s}{section.3}% 22
\BOOKMARK [2][-]{subsection.3.8}{\376\377\000T\000h\000e\000\040\000S\000i\000l\000i\000Q\000u\000n\000\040\000P\000l\000u\000g\000i\000n\000\040\000I\000n\000t\000e\000r\000f\000a\000c\000e}{section.3}% 23
\BOOKMARK [3][-]{subsubsection.3.8.1}{\376\377\000P\000l\000u\000g\000i\000n\000\040\000C\000o\000n\000t\000r\000a\000c\000t}{subsection.3.8}% 24
\BOOKMARK [3][-]{subsubsection.3.8.2}{\376\377\000W\000o\000r\000k\000e\000d\000\040\000E\000x\000a\000m\000p\000l\000e\000\040\000a\000n\000d\000\040\000I\000n\000t\000e\000g\000r\000a\000t\000i\000o\000n\000\040\000C\000o\000s\000t}{subsection.3.8}% 25
\BOOKMARK [2][-]{subsection.3.9}{\376\377\000M\000P\000S\000-\000L\000i\000n\000d\000b\000l\000a\000d\000\040\000S\000i\000m\000u\000l\000a\000t\000i\000o\000n\000\040\000B\000a\000c\000k\000e\000n\000d}{section.3}% 26
\BOOKMARK [1][-]{section.4}{\376\377\000D\000R\000L\000\040\000V\000a\000l\000i\000d\000a\000t\000i\000o\000n\000\040\000E\000x\000p\000e\000r\000i\000m\000e\000n\000t}{}% 27
\BOOKMARK [2][-]{subsection.4.1}{\376\377\000A\000g\000e\000n\000t\000\040\000A\000r\000c\000h\000i\000t\000e\000c\000t\000u\000r\000e}{section.4}% 28
\BOOKMARK [2][-]{subsection.4.2}{\376\377\000E\000x\000p\000e\000r\000i\000m\000e\000n\000t\000a\000l\000\040\000S\000e\000t\000u\000p}{section.4}% 29
\BOOKMARK [2][-]{subsection.4.3}{\376\377\000R\000e\000s\000u\000l\000t\000s}{section.4}% 30
\BOOKMARK [1][-]{section.5}{\376\377\000E\000x\000p\000e\000r\000i\000m\000e\000n\000t\000s\000\040\000a\000n\000d\000\040\000R\000e\000s\000u\000l\000t\000s}{}% 31
\BOOKMARK [2][-]{subsection.5.1}{\376\377\000E\000x\000p\000e\000r\000i\000m\000e\000n\000t\000a\000l\000\040\000S\000e\000t\000u\000p}{section.5}% 32
\BOOKMARK [2][-]{subsection.5.2}{\376\377\000R\000e\000p\000l\000i\000c\000a\000t\000i\000o\000n\000\040\0001\000:\000\040\000D\000Q\000L\000\040\000a\000n\000d\000\040\000S\000A\000R\000S\000A\000\040\000o\000n\000\040\000S\000i\000M\000O\000S}{section.5}% 33
\BOOKMARK [2][-]{subsection.5.3}{\376\377\000R\000e\000p\000l\000i\000c\000a\000t\000i\000o\000n\000\040\0002\000:\000\040\000D\000Q\000N\000\040\000f\000o\000r\000\040\000U\000n\000i\000v\000e\000r\000s\000a\000l\000\040\000S\000t\000a\000t\000e\000\040\000P\000r\000e\000p\000a\000r\000a\000t\000i\000o\000n\000\040\000o\000n\000\040\000D\000o\000n\000o\000r\000\040\000Q\000u\000b\000i\000t\000s}{section.5}% 34
\BOOKMARK [2][-]{subsection.5.4}{\376\377\000R\000e\000p\000l\000i\000c\000a\000t\000i\000o\000n\000\040\0003\000:\000\040\000C\000r\000o\000s\000s\000-\000P\000l\000a\000t\000f\000o\000r\000m\000\040\000C\000o\000m\000p\000a\000r\000i\000s\000o\000n\000\040\000w\000i\000t\000h\000\040\000A\000b\000e\000d\000i\000\040\000\046\000\040\000S\000c\000h\000m\000i\000t\000t\000\040\000\050\0002\0000\0002\0005\000\051\000\040\000o\000n\000\040\000S\000i\000n\000g\000l\000e\000t\000-\000T\000r\000i\000p\000l\000e\000t\000\040\000Q\000u\000b\000i\000t\000s}{section.5}% 35
\BOOKMARK [2][-]{subsection.5.5}{\376\377\000R\000e\000p\000l\000i\000c\000a\000t\000i\000o\000n\000\040\0004\000:\000\040\000D\000i\000r\000e\000c\000t\000\040\000G\000a\000A\000s\000\040\000C\000N\000O\000T\000\040\000S\000y\000n\000t\000h\000e\000s\000i\000s\000\040\000w\000i\000t\000h\000\040\000T\000Q\000C}{section.5}% 36
\BOOKMARK [2][-]{subsection.5.6}{\376\377\000E\000x\000t\000e\000n\000s\000i\000o\000n\000\040\0003\000:\000\040\000D\000Q\000N\000\040\000f\000o\000r\000\040\000U\000n\000i\000v\000e\000r\000s\000a\000l\000\040\000S\000t\000a\000t\000e\000\040\000P\000r\000e\000p\000a\000r\000a\000t\000i\000o\000n\000\040\000o\000n\000\040\000G\000A\000A\000\040\000Q\000u\000b\000i\000t\000s}{section.5}% 37
\BOOKMARK [2][-]{subsection.5.7}{\376\377\000C\000r\000o\000s\000s\000-\000T\000e\000c\000h\000n\000o\000l\000o\000g\000y\000\040\000C\000o\000m\000p\000a\000r\000i\000s\000o\000n}{section.5}% 38
\BOOKMARK [2][-]{subsection.5.8}{\376\377\000C\000o\000n\000v\000e\000r\000g\000e\000n\000c\000e\000\040\000B\000e\000h\000a\000v\000i\000o\000u\000r\000\040\000A\000c\000r\000o\000s\000s\000\040\000P\000l\000a\000t\000f\000o\000r\000m\000s}{section.5}% 39
\BOOKMARK [2][-]{subsection.5.9}{\376\377\000C\000l\000a\000s\000s\000i\000c\000a\000l\000\040\000O\000p\000t\000i\000m\000i\000s\000a\000t\000i\000o\000n\000\040\000B\000a\000s\000e\000l\000i\000n\000e\000s}{section.5}% 40
\BOOKMARK [2][-]{subsection.5.10}{\376\377\000E\000x\000t\000e\000n\000s\000i\000o\000n\000\040\0004\000:\000\040\000M\000u\000l\000t\000i\000-\000T\000a\000r\000g\000e\000t\000\040\000S\000t\000a\000t\000e\000\040\000G\000e\000n\000e\000r\000a\000l\000i\000s\000a\000t\000i\000o\000n\000\040\000\050\000G\000H\000Z\000,\000\040\000W\000,\000\040\000C\000l\000u\000s\000t\000e\000r\000-\0001\000D\000,\000\040\000D\000i\000c\000k\000e\000-\000k\0003\000\051}{section.5}% 41
\BOOKMARK [1][-]{section.6}{\376\377\000D\000i\000s\000c\000u\000s\000s\000i\000o\000n}{}% 42
\BOOKMARK [2][-]{subsection.6.1}{\376\377\000S\000i\000g\000n\000i\000f\000i\000c\000a\000n\000c\000e\000\040\000o\000f\000\040\000t\000h\000e\000\040\000R\000e\000p\000l\000i\000c\000a\000t\000i\000o\000n\000-\000B\000a\000s\000e\000d\000\040\000V\000a\000l\000i\000d\000a\000t\000i\000o\000n\000\040\000S\000t\000r\000a\000t\000e\000g\000y}{section.6}% 43
\BOOKMARK [2][-]{subsection.6.2}{\376\377\000P\000o\000s\000i\000t\000i\000o\000n\000i\000n\000g\000\040\000W\000i\000t\000h\000i\000n\000\040\000t\000h\000e\000\040\000Q\000u\000a\000n\000t\000u\000m\000\040\000S\000i\000m\000u\000l\000a\000t\000i\000o\000n\000\040\000L\000a\000n\000d\000s\000c\000a\000p\000e}{section.6}% 44
\BOOKMARK [2][-]{subsection.6.3}{\376\377\000P\000G\000I\000R\000S\000\040\000G\000e\000n\000e\000r\000a\000l\000i\000s\000a\000b\000i\000l\000i\000t\000y\000\040\000B\000e\000y\000o\000n\000d\000\040\000S\000i\000M\000O\000S}{section.6}% 45
\BOOKMARK [2][-]{subsection.6.4}{\376\377\000L\000i\000m\000i\000t\000a\000t\000i\000o\000n\000s\000\040\000a\000n\000d\000\040\000F\000u\000t\000u\000r\000e\000\040\000W\000o\000r\000k}{section.6}% 46
\BOOKMARK [1][-]{section.7}{\376\377\000C\000o\000n\000c\000l\000u\000s\000i\000o\000n}{}% 47
\BOOKMARK [1][-]{IEEEbiography.0}{\376\377\000B\000i\000o\000g\000r\000a\000p\000h\000i\000e\000s}{}% 48
\BOOKMARK [2][-]{IEEEbiography.1}{\376\377\000R\000a\000a\000d\000\040\000M\000o\000h\000a\000m\000m\000e\000d\000\040\000A\000l\000s\000h\000e\000h\000r\000i}{IEEEbiography.0}% 49
\BOOKMARK [2][-]{IEEEbiography.2}{\376\377\000A\000s\000a\000a\000d\000\040\000A\000.\000\040\000G\000a\000d\000-\000E\000l\000r\000a\000b}{IEEEbiography.0}% 50
\BOOKMARK [2][-]{IEEEbiography.3}{\376\377\000S\000u\000a\000d\000\040\000A\000l\000a\000r\000i\000f\000i}{IEEEbiography.0}% 51
\BOOKMARK [1][-]{section*.6}{\376\377\000R\000e\000f\000e\000r\000e\000n\000c\000e\000s}{}% 52
